// Jest Snapshot v1, https://goo.gl/fbAQLP

exports[`Icon Renders orange star Icon 1`] = `
initialize {
  "0": Object {
    "attribs": Object {
      "class": "sc-bwzfXH jlsGZX",
      "color": "orange",
      "size": "26",
    },
    "children": Array [
      Object {
        "attribs": Object {
          "fill": "currentColor",
          "height": "1em",
          "stroke": "currentColor",
          "stroke-width": "0",
          "viewBox": "0 0 576 512",
          "width": "1em",
          "xmlns": "http://www.w3.org/2000/svg",
        },
        "children": Array [
          Object {
            "attribs": Object {
              "d": "M259.3 17.8L194 150.2 47.9 171.5c-26.2 3.8-36.7 36.1-17.7 54.6l105.7 103-25 145.5c-4.5 26.3 23.2 46 46.4 33.7L288 439.6l130.7 68.7c23.2 12.2 50.9-7.4 46.4-33.7l-25-145.5 105.7-103c19-18.5 8.5-50.8-17.7-54.6L382 150.2 316.7 17.8c-11.7-23.6-45.6-23.9-57.4 0z",
            },
            "children": Array [],
            "name": "path",
            "namespace": "http://www.w3.org/2000/svg",
            "next": null,
            "parent": [Circular],
            "prev": null,
            "type": "tag",
            "x-attribsNamespace": Object {
              "d": undefined,
            },
            "x-attribsPrefix": Object {
              "d": undefined,
            },
          },
        ],
        "name": "svg",
        "namespace": "http://www.w3.org/2000/svg",
        "next": null,
        "parent": [Circular],
        "prev": null,
        "type": "tag",
        "x-attribsNamespace": Object {
          "fill": undefined,
          "height": undefined,
          "stroke": undefined,
          "stroke-width": undefined,
          "viewBox": undefined,
          "width": undefined,
          "xmlns": "http://www.w3.org/2000/xmlns/",
        },
        "x-attribsPrefix": Object {
          "fill": undefined,
          "height": undefined,
          "stroke": undefined,
          "stroke-width": undefined,
          "viewBox": undefined,
          "width": undefined,
          "xmlns": "",
        },
      },
    ],
    "name": "span",
    "namespace": "http://www.w3.org/1999/xhtml",
    "next": null,
    "parent": null,
    "prev": null,
    "root": Object {
      "attribs": Object {},
      "children": Array [
        [Circular],
      ],
      "name": "root",
      "namespace": "http://www.w3.org/1999/xhtml",
      "next": null,
      "parent": null,
      "prev": null,
      "type": "root",
      "x-attribsNamespace": Object {},
      "x-attribsPrefix": Object {},
    },
    "type": "tag",
    "x-attribsNamespace": Object {
      "class": undefined,
      "color": undefined,
      "size": undefined,
    },
    "x-attribsPrefix": Object {
      "class": undefined,
      "color": undefined,
      "size": undefined,
    },
  },
  "_root": [Circular],
  "length": 1,
  "options": Object {
    "decodeEntities": true,
    "normalizeWhitespace": false,
    "withDomLvl1": true,
    "xml": false,
  },
}
`;
